{
    "default": {
        "content": [
            [
                [
                    {
                        "id": "NA24143",
                        "family": "NA24143",
                        "family_count": 1,
                        "caller": "haplotypecaller"
                    },
                    "NA24143.haplotypecaller.sorted.vcf.gz"
                ]
            ],
            [
                "NA241431_annotated.haplotypecaller.annotated.summary.html:md5,d41d8cd98f00b204e9800998ecf8427e",
                "NA241432_annotated.haplotypecaller.annotated.summary.html:md5,d41d8cd98f00b204e9800998ecf8427e",
                "NA241433_annotated.haplotypecaller.annotated.summary.html:md5,d41d8cd98f00b204e9800998ecf8427e"
            ]
        ],
        "meta": {
            "nf-test": "0.9.0",
            "nextflow": "24.04.4"
        },
        "timestamp": "2024-08-30T10:01:31.163848322"
    },
    "vcfanno": {
        "content": [
            [
                [
                    {
                        "id": "NA24143",
                        "family": "NA24143",
                        "family_count": 1,
                        "caller": "haplotypecaller"
                    },
                    "NA24143.haplotypecaller.vcfanno.vcf.gz"
                ]
            ],
            [
                "NA241431_annotated.haplotypecaller.annotated.summary.html:md5,d41d8cd98f00b204e9800998ecf8427e",
                "NA241432_annotated.haplotypecaller.annotated.summary.html:md5,d41d8cd98f00b204e9800998ecf8427e",
                "NA241433_annotated.haplotypecaller.annotated.summary.html:md5,d41d8cd98f00b204e9800998ecf8427e"
            ]
        ],
        "meta": {
            "nf-test": "0.9.0",
            "nextflow": "24.04.4"
        },
        "timestamp": "2024-08-30T10:02:13.490728999"
    }
}