{
    "default - family": {
        "content": [
            [
                [
                    {
                        "id": "Ashkenazim",
                        "family": "Ashkenazim",
                        "family_count": 3,
                        "caller": "haplotypecaller",
                        "samples": "NA24143,NA24835,NA24149"
                    },
                    [
                        [
                            "automap_haplotypecaller_Ashkenazim/NA24143/NA24143.individual.vcf"
                        ],
                        [
                            "automap_haplotypecaller_Ashkenazim/NA24149/NA24149.individual.vcf"
                        ],
                        [
                            "automap_haplotypecaller_Ashkenazim/NA24385/NA24385.individual.vcf"
                        ]
                    ]
                ]
            ]
        ],
        "meta": {
            "nf-test": "0.9.0",
            "nextflow": "24.04.4"
        },
        "timestamp": "2024-08-30T09:13:41.945304598"
    },
    "default - sample": {
        "content": [
            [
                [
                    {
                        "id": "NA24143",
                        "family": "NA24143",
                        "family_count": 1,
                        "caller": "haplotypecaller",
                        "samples": "NA24143,NA24835,NA24149"
                    },
                    [
                        "NA24143.HomRegions.cmgg_bio.tsv:md5,d41d8cd98f00b204e9800998ecf8427e",
                        "NA24143.HomRegions.pdf:md5,d41d8cd98f00b204e9800998ecf8427e",
                        "NA24143.HomRegions.strict.cmgg_bio.tsv:md5,d41d8cd98f00b204e9800998ecf8427e",
                        "NA24143.HomRegions.tsv:md5,d41d8cd98f00b204e9800998ecf8427e"
                    ]
                ]
            ]
        ],
        "meta": {
            "nf-test": "0.9.0",
            "nextflow": "24.04.3"
        },
        "timestamp": "2024-08-06T13:06:47.205904762"
    }
}