{
    "default": {
        "content": [
            [
                [
                    {
                        "id": "Ashkenazim",
                        "family": "Ashkenazim",
                        "family_count": 3,
                        "caller": "haplotypecaller"
                    },
                    "Ashkenazim.haplotypecaller_ped_annotated.vcf.gz"
                ]
            ]
        ],
        "meta": {
            "nf-test": "0.9.0",
            "nextflow": "24.04.4"
        },
        "timestamp": "2024-08-30T09:19:51.02676975"
    }
}