{
    "[ delete_me, [] ], []": {
        "content": [
            {
                "0": [
                    [
                        {
                            "id": "cohort",
                            "single_end": false
                        },
                        "cohort.html:md5,03cac9b2c67a8a06f63e07f83ee11e18"
                    ]
                ],
                "1": [
                    [
                        {
                            "id": "cohort",
                            "single_end": false
                        },
                        "cohort.pairs.tsv:md5,54d1e9fca1bf9d747d4254c6fa98edcf"
                    ]
                ],
                "2": [
                    [
                        {
                            "id": "cohort",
                            "single_end": false
                        },
                        "cohort.samples.tsv:md5,97257d88886db1325c4d7d10cefa7169"
                    ]
                ],
                "3": [
                    [
                        {
                            "id": "cohort",
                            "single_end": false
                        },
                        "cohort_somalier.ped:md5,377126dd9cfb8218ec6783fa68d53e67"
                    ]
                ],
                "4": [
                    "versions.yml:md5,59d805a9f89558414535c136c814bea6"
                ],
                "html": [
                    [
                        {
                            "id": "cohort",
                            "single_end": false
                        },
                        "cohort.html:md5,03cac9b2c67a8a06f63e07f83ee11e18"
                    ]
                ],
                "pairs_tsv": [
                    [
                        {
                            "id": "cohort",
                            "single_end": false
                        },
                        "cohort.pairs.tsv:md5,54d1e9fca1bf9d747d4254c6fa98edcf"
                    ]
                ],
                "ped": [
                    [
                        {
                            "id": "cohort",
                            "single_end": false
                        },
                        "cohort_somalier.ped:md5,377126dd9cfb8218ec6783fa68d53e67"
                    ]
                ],
                "samples_tsv": [
                    [
                        {
                            "id": "cohort",
                            "single_end": false
                        },
                        "cohort.samples.tsv:md5,97257d88886db1325c4d7d10cefa7169"
                    ]
                ],
                "versions": [
                    "versions.yml:md5,59d805a9f89558414535c136c814bea6"
                ]
            }
        ],
        "meta": {
            "nf-test": "0.9.1",
            "nextflow": "24.10.0"
        },
        "timestamp": "2024-11-20T13:00:49.22698226"
    },
    "[ delete_me, [] ], [] -stub": {
        "content": [
            {
                "0": [
                    [
                        {
                            "id": "cohort",
                            "single_end": false
                        },
                        "cohort.html:md5,d41d8cd98f00b204e9800998ecf8427e"
                    ]
                ],
                "1": [
                    [
                        {
                            "id": "cohort",
                            "single_end": false
                        },
                        "cohort.pairs.tsv:md5,d41d8cd98f00b204e9800998ecf8427e"
                    ]
                ],
                "2": [
                    [
                        {
                            "id": "cohort",
                            "single_end": false
                        },
                        "cohort.samples.tsv:md5,d41d8cd98f00b204e9800998ecf8427e"
                    ]
                ],
                "3": [
                    [
                        {
                            "id": "cohort",
                            "single_end": false
                        },
                        "cohort_somalier.ped:md5,d41d8cd98f00b204e9800998ecf8427e"
                    ]
                ],
                "4": [
                    "versions.yml:md5,59d805a9f89558414535c136c814bea6"
                ],
                "html": [
                    [
                        {
                            "id": "cohort",
                            "single_end": false
                        },
                        "cohort.html:md5,d41d8cd98f00b204e9800998ecf8427e"
                    ]
                ],
                "pairs_tsv": [
                    [
                        {
                            "id": "cohort",
                            "single_end": false
                        },
                        "cohort.pairs.tsv:md5,d41d8cd98f00b204e9800998ecf8427e"
                    ]
                ],
                "ped": [
                    [
                        {
                            "id": "cohort",
                            "single_end": false
                        },
                        "cohort_somalier.ped:md5,d41d8cd98f00b204e9800998ecf8427e"
                    ]
                ],
                "samples_tsv": [
                    [
                        {
                            "id": "cohort",
                            "single_end": false
                        },
                        "cohort.samples.tsv:md5,d41d8cd98f00b204e9800998ecf8427e"
                    ]
                ],
                "versions": [
                    "versions.yml:md5,59d805a9f89558414535c136c814bea6"
                ]
            }
        ],
        "meta": {
            "nf-test": "0.9.1",
            "nextflow": "24.10.0"
        },
        "timestamp": "2024-11-20T13:01:06.098709152"
    },
    "[ delete_me, ped ], groups -stub": {
        "content": [
            {
                "0": [
                    [
                        {
                            "id": "cohort",
                            "single_end": false
                        },
                        "cohort.html:md5,d41d8cd98f00b204e9800998ecf8427e"
                    ]
                ],
                "1": [
                    [
                        {
                            "id": "cohort",
                            "single_end": false
                        },
                        "cohort.pairs.tsv:md5,d41d8cd98f00b204e9800998ecf8427e"
                    ]
                ],
                "2": [
                    [
                        {
                            "id": "cohort",
                            "single_end": false
                        },
                        "cohort.samples.tsv:md5,d41d8cd98f00b204e9800998ecf8427e"
                    ]
                ],
                "3": [
                    [
                        {
                            "id": "cohort",
                            "single_end": false
                        },
                        "cohort_somalier.ped:md5,d41d8cd98f00b204e9800998ecf8427e"
                    ]
                ],
                "4": [
                    "versions.yml:md5,59d805a9f89558414535c136c814bea6"
                ],
                "html": [
                    [
                        {
                            "id": "cohort",
                            "single_end": false
                        },
                        "cohort.html:md5,d41d8cd98f00b204e9800998ecf8427e"
                    ]
                ],
                "pairs_tsv": [
                    [
                        {
                            "id": "cohort",
                            "single_end": false
                        },
                        "cohort.pairs.tsv:md5,d41d8cd98f00b204e9800998ecf8427e"
                    ]
                ],
                "ped": [
                    [
                        {
                            "id": "cohort",
                            "single_end": false
                        },
                        "cohort_somalier.ped:md5,d41d8cd98f00b204e9800998ecf8427e"
                    ]
                ],
                "samples_tsv": [
                    [
                        {
                            "id": "cohort",
                            "single_end": false
                        },
                        "cohort.samples.tsv:md5,d41d8cd98f00b204e9800998ecf8427e"
                    ]
                ],
                "versions": [
                    "versions.yml:md5,59d805a9f89558414535c136c814bea6"
                ]
            }
        ],
        "meta": {
            "nf-test": "0.9.1",
            "nextflow": "24.10.0"
        },
        "timestamp": "2024-11-20T13:01:14.932484293"
    },
    "[ delete_me, ped ], groups": {
        "content": [
            {
                "0": [
                    [
                        {
                            "id": "cohort",
                            "single_end": false
                        },
                        "cohort.html:md5,0d573016c9279ccdfdcfd4eb01d73b89"
                    ]
                ],
                "1": [
                    [
                        {
                            "id": "cohort",
                            "single_end": false
                        },
                        "cohort.pairs.tsv:md5,8655714f1e5359329188e9f501168131"
                    ]
                ],
                "2": [
                    [
                        {
                            "id": "cohort",
                            "single_end": false
                        },
                        "cohort.samples.tsv:md5,38ef93340e55fbeef47640abda9e48b0"
                    ]
                ],
                "3": [
                    [
                        {
                            "id": "cohort",
                            "single_end": false
                        },
                        "cohort_somalier.ped:md5,1eec67a4157fff88730161a080430ba5"
                    ]
                ],
                "4": [
                    "versions.yml:md5,59d805a9f89558414535c136c814bea6"
                ],
                "html": [
                    [
                        {
                            "id": "cohort",
                            "single_end": false
                        },
                        "cohort.html:md5,0d573016c9279ccdfdcfd4eb01d73b89"
                    ]
                ],
                "pairs_tsv": [
                    [
                        {
                            "id": "cohort",
                            "single_end": false
                        },
                        "cohort.pairs.tsv:md5,8655714f1e5359329188e9f501168131"
                    ]
                ],
                "ped": [
                    [
                        {
                            "id": "cohort",
                            "single_end": false
                        },
                        "cohort_somalier.ped:md5,1eec67a4157fff88730161a080430ba5"
                    ]
                ],
                "samples_tsv": [
                    [
                        {
                            "id": "cohort",
                            "single_end": false
                        },
                        "cohort.samples.tsv:md5,38ef93340e55fbeef47640abda9e48b0"
                    ]
                ],
                "versions": [
                    "versions.yml:md5,59d805a9f89558414535c136c814bea6"
                ]
            }
        ],
        "meta": {
            "nf-test": "0.9.1",
            "nextflow": "24.10.0"
        },
        "timestamp": "2024-11-20T13:00:57.673492011"
    }
}