{
    "test-rtgtools-pedfilter-vcf": {
        "content": [
            {
                "0": [
                    [
                        {
                            "id": "test",
                            "single_end": false
                        },
                        "test.ped:md5,16e5773a0aaaa27870b0601e572f24b5"
                    ]
                ],
                "1": [
                    "versions.yml:md5,036d97d5be26fce2e7d956034b9dc86d"
                ],
                "output": [
                    [
                        {
                            "id": "test",
                            "single_end": false
                        },
                        "test.ped:md5,16e5773a0aaaa27870b0601e572f24b5"
                    ]
                ],
                "versions": [
                    "versions.yml:md5,036d97d5be26fce2e7d956034b9dc86d"
                ]
            }
        ],
        "meta": {
            "nf-test": "0.9.1",
            "nextflow": "24.10.0"
        },
        "timestamp": "2024-11-20T13:14:39.858764858"
    },
    "test-rtgtools-pedfilter-vcf-output": {
        "content": [
            [
                "##CL=pedfilter --vcf justhusky.ped",
                "##diseased=hugelymodelbat",
                "##SAMPLE=<ID=earlycasualcaiman,Sex=MALE>",
                "##SAMPLE=<ID=hugelymodelbat,Sex=MALE>",
                "##SAMPLE=<ID=slowlycivilbuck,Sex=FEMALE>"
            ],
            [
                "versions.yml:md5,036d97d5be26fce2e7d956034b9dc86d"
            ]
        ],
        "meta": {
            "nf-test": "0.8.4",
            "nextflow": "24.04.4"
        },
        "timestamp": "2024-08-23T20:46:00.069224"
    },
    "test-rtgtools-pedfilter-ped": {
        "content": [
            {
                "0": [
                    [
                        {
                            "id": "test",
                            "single_end": false
                        },
                        "test.ped:md5,88d121b6ce2b3d8b0a6b0098b85db865"
                    ]
                ],
                "1": [
                    "versions.yml:md5,036d97d5be26fce2e7d956034b9dc86d"
                ],
                "output": [
                    [
                        {
                            "id": "test",
                            "single_end": false
                        },
                        "test.ped:md5,88d121b6ce2b3d8b0a6b0098b85db865"
                    ]
                ],
                "versions": [
                    "versions.yml:md5,036d97d5be26fce2e7d956034b9dc86d"
                ]
            }
        ],
        "meta": {
            "nf-test": "0.9.1",
            "nextflow": "24.10.0"
        },
        "timestamp": "2024-11-20T13:14:31.005949979"
    }
}