{
    "test_ensemblvep_vep_fasta_tab_gz": {
        "content": [
            [
                "versions.yml:md5,c6d58a35e7be5e6ab46a3f9757f6e259"
            ]
        ],
        "meta": {
            "nf-test": "0.9.1",
            "nextflow": "24.10.0"
        },
        "timestamp": "2024-11-20T14:10:59.846254319"
    },
    "test_ensemblvep_vep_fasta_vcf": {
        "content": [
            [
                "versions.yml:md5,c6d58a35e7be5e6ab46a3f9757f6e259"
            ]
        ],
        "meta": {
            "nf-test": "0.9.1",
            "nextflow": "24.10.0"
        },
        "timestamp": "2024-11-20T14:10:44.092773407"
    }
}